
> portfolio-react@0.1.0 build
> react-scripts build

[baseline-browser-mapping] The data in this module is over two months old.  To ensure accurate Baseline data, please update: `npm i baseline-browser-mapping@latest -D`
Creating an optimized production build...
[baseline-browser-mapping] The data in this module is over two months old.  To ensure accurate Baseline data, please update: `npm i baseline-browser-mapping@latest -D`
Compiled with warnings.

[eslint] 
src/components/loader.js
  Line 82:6:  React Hook useEffect has a missing dependency: 'animate'. Either include it or remove the dependency array  react-hooks/exhaustive-deps

src/components/menu.js
  Line 232:6:  React Hook useEffect has missing dependencies: 'onKeyDown' and 'setFocusables'. Either include them or remove the dependency array  react-hooks/exhaustive-deps

src/components/nav.js
  Line 177:6:  React Hook useEffect has a missing dependency: 'prefersReducedMotion'. Either include it or remove the dependency array  react-hooks/exhaustive-deps

src/components/sections/about.js
  Line 125:6:  React Hook useEffect has a missing dependency: 'prefersReducedMotion'. Either include it or remove the dependency array  react-hooks/exhaustive-deps

src/components/sections/contact.js
  Line 54:6:  React Hook useEffect has a missing dependency: 'prefersReducedMotion'. Either include it or remove the dependency array  react-hooks/exhaustive-deps

src/components/sections/featured.js
  Line 320:6:  React Hook useEffect has a missing dependency: 'prefersReducedMotion'. Either include it or remove the dependency array  react-hooks/exhaustive-deps

src/components/sections/hero.js
  Line 101:10:  'showCursor' is assigned a value but never used  no-unused-vars

src/components/sections/jobs.js
  Line 210:6:   React Hook useEffect has a missing dependency: 'prefersReducedMotion'. Either include it or remove the dependency array  react-hooks/exhaustive-deps
  Line 228:31:  React Hook useEffect has a missing dependency: 'focusTab'. Either include it or remove the dependency array              react-hooks/exhaustive-deps

src/components/sections/projects.js
  Line 186:6:  React Hook useEffect has a missing dependency: 'prefersReducedMotion'. Either include it or remove the dependency array  react-hooks/exhaustive-deps

src/components/side.js
  Line 37:6:  React Hook useEffect has missing dependencies: 'isHome' and 'prefersReducedMotion'. Either include them or remove the dependency array  react-hooks/exhaustive-deps

Search for the keywords to learn more about each warning.
To ignore, add // eslint-disable-next-line to the line before.

File sizes after gzip:

  112.21 kB  build/static/js/main.2ea03566.js
  1.78 kB    build/static/js/453.ffd317f4.chunk.js
  264 B      build/static/css/main.e6c13ad2.css

The project was built assuming it is hosted at /.
You can control this with the homepage field in your package.json.

The build folder is ready to be deployed.
You may serve it with a static server:

  npm install -g serve
  serve -s build

Find out more about deployment here:

  https://cra.link/deployment

